<?xml version="1.0" encoding="UTF-8"?>
<TestRun id="5ef2630b-2d56-4dae-9683-50d8ffa74a44" name="320050765@INGBTCPIC5NBC45 2019-09-18 14:41:05" runUser="CODE1\320050765" xmlns="http://microsoft.com/schemas/VisualStudio/TeamTest/2010">
  <TestSettings name="Default Test Settings" id="5bd10dba-2da0-4031-8873-e89baafcc94d">
    <Execution>
      <TestTypeSpecific />
      <AgentRule name="Execution Agents">
      </AgentRule>
    </Execution>
    <Deployment runDeploymentRoot="320050765_INGBTCPIC5NBC45 2019-09-18 14_41_05" />
    <Properties />
  </TestSettings>
  <Times creation="2019-09-18T14:41:05.7927910+05:30" queuing="2019-09-18T14:41:06.2090309+05:30" start="2019-09-18T14:41:06.2939209+05:30" finish="2019-09-18T14:41:06.6010533+05:30" />
  <ResultSummary outcome="Completed">
    <Counters total="1" executed="1" passed="1" error="0" failed="0" timeout="0" aborted="0" inconclusive="0" passedButRunAborted="0" notRunnable="0" notExecuted="0" disconnected="0" warning="0" completed="0" inProgress="0" pending="0" />
  </ResultSummary>
  <TestDefinitions>
    <UnitTest name="Given_WrongXmlPath_Read_Method_Invoked__Expected_dataModelsList_Count_IsZero" storage="c:\users\320050765\philipscasestudy-2\statictoolanalyzer\ndependreaderlib.tests\bin\debug\ndependreaderlib.tests.dll" id="e2519e2a-fae4-6359-6e7f-d10f8bed1681">
      <Execution id="d76687ef-2fca-4f94-8733-eafd69c016ad" />
      <TestMethod codeBase="C:/Users/320050765/PhilipsCaseStudy-2/StaticToolAnalyzer/NDependReaderLib.Tests/bin/Debug/NDependReaderLib.Tests.DLL" adapterTypeName="Microsoft.VisualStudio.TestTools.TestTypes.Unit.UnitTestAdapter, Microsoft.VisualStudio.QualityTools.Tips.UnitTest.Adapter, Version=14.0.0.0, Culture=neutral, PublicKeyToken=b03f5f7f11d50a3a" className="NDependReaderLib.Tests.NDependReaderUnitTests, NDependReaderLib.Tests, Version=1.0.0.0, Culture=neutral, PublicKeyToken=null" name="Given_WrongXmlPath_Read_Method_Invoked__Expected_dataModelsList_Count_IsZero" />
    </UnitTest>
  </TestDefinitions>
  <TestLists>
    <TestList name="Results Not in a List" id="8c84fa94-04c1-424b-9868-57a2d4851a1d" />
    <TestList name="All Loaded Results" id="19431567-8539-422a-85d7-44ee4e166bda" />
  </TestLists>
  <TestEntries>
    <TestEntry testId="e2519e2a-fae4-6359-6e7f-d10f8bed1681" executionId="d76687ef-2fca-4f94-8733-eafd69c016ad" testListId="8c84fa94-04c1-424b-9868-57a2d4851a1d" />
  </TestEntries>
  <Results>
    <UnitTestResult executionId="d76687ef-2fca-4f94-8733-eafd69c016ad" testId="e2519e2a-fae4-6359-6e7f-d10f8bed1681" testName="Given_WrongXmlPath_Read_Method_Invoked__Expected_dataModelsList_Count_IsZero" computerName="INGBTCPIC5NBC45" duration="00:00:00.0167418" startTime="2019-09-18T14:41:06.3188545+05:30" endTime="2019-09-18T14:41:06.5631546+05:30" testType="13cdc9d9-ddb5-4fa4-a97d-d965ccfc6d4b" outcome="Passed" testListId="8c84fa94-04c1-424b-9868-57a2d4851a1d" relativeResultsDirectory="d76687ef-2fca-4f94-8733-eafd69c016ad">
    </UnitTestResult>
  </Results>
</TestRun>