<?xml version="1.0" encoding="UTF-8"?>
<TestRun id="ed00a264-e6a0-4a77-8943-cdfa35870f23" name="320050765@INGBTCPIC5NBC45 2019-09-18 15:17:37" runUser="CODE1\320050765" xmlns="http://microsoft.com/schemas/VisualStudio/TeamTest/2010">
  <TestSettings name="Default Test Settings" id="f0906ab8-bbbd-4f69-b846-cbb1f6ae2d60">
    <Execution>
      <TestTypeSpecific />
      <AgentRule name="Execution Agents">
      </AgentRule>
    </Execution>
    <Deployment runDeploymentRoot="320050765_INGBTCPIC5NBC45 2019-09-18 15_17_37" />
    <Properties />
  </TestSettings>
  <Times creation="2019-09-18T15:17:37.2414975+05:30" queuing="2019-09-18T15:17:37.6459058+05:30" start="2019-09-18T15:17:37.7356339+05:30" finish="2019-09-18T15:17:38.0537320+05:30" />
  <ResultSummary outcome="Completed">
    <Counters total="1" executed="1" passed="1" error="0" failed="0" timeout="0" aborted="0" inconclusive="0" passedButRunAborted="0" notRunnable="0" notExecuted="0" disconnected="0" warning="0" completed="0" inProgress="0" pending="0" />
  </ResultSummary>
  <TestDefinitions>
    <UnitTest name="Given_WrongAnalyzerExePath_When_RunAnalyzerProcess_Then_StatusIsFalse" storage="c:\users\320050765\philipscasestudy-2\statictoolanalyzer\staticanalyzerutilitieslib.tests\bin\debug\staticanalyzerutilitieslib.tests.dll" id="fbe51a71-38f8-3cdf-45c8-19c2898e372b">
      <Execution id="8ee3bd23-fd49-4328-8b27-03b9b0bcbf0b" />
      <TestMethod codeBase="C:/Users/320050765/PhilipsCaseStudy-2/StaticToolAnalyzer/StaticAnalyzerUtilitiesLib.Tests/bin/Debug/StaticAnalyzerUtilitiesLib.Tests.DLL" adapterTypeName="Microsoft.VisualStudio.TestTools.TestTypes.Unit.UnitTestAdapter, Microsoft.VisualStudio.QualityTools.Tips.UnitTest.Adapter, Version=14.0.0.0, Culture=neutral, PublicKeyToken=b03f5f7f11d50a3a" className="StaticAnalyzerUtilitiesLib.Tests.StaticAnalyzerUtilitiesUnitTest, StaticAnalyzerUtilitiesLib.Tests, Version=1.0.0.0, Culture=neutral, PublicKeyToken=null" name="Given_WrongAnalyzerExePath_When_RunAnalyzerProcess_Then_StatusIsFalse" />
    </UnitTest>
  </TestDefinitions>
  <TestLists>
    <TestList name="Results Not in a List" id="8c84fa94-04c1-424b-9868-57a2d4851a1d" />
    <TestList name="All Loaded Results" id="19431567-8539-422a-85d7-44ee4e166bda" />
  </TestLists>
  <TestEntries>
    <TestEntry testId="fbe51a71-38f8-3cdf-45c8-19c2898e372b" executionId="8ee3bd23-fd49-4328-8b27-03b9b0bcbf0b" testListId="8c84fa94-04c1-424b-9868-57a2d4851a1d" />
  </TestEntries>
  <Results>
    <UnitTestResult executionId="8ee3bd23-fd49-4328-8b27-03b9b0bcbf0b" testId="fbe51a71-38f8-3cdf-45c8-19c2898e372b" testName="Given_WrongAnalyzerExePath_When_RunAnalyzerProcess_Then_StatusIsFalse" computerName="INGBTCPIC5NBC45" duration="00:00:00.0307576" startTime="2019-09-18T15:17:37.7606230+05:30" endTime="2019-09-18T15:17:38.0128368+05:30" testType="13cdc9d9-ddb5-4fa4-a97d-d965ccfc6d4b" outcome="Passed" testListId="8c84fa94-04c1-424b-9868-57a2d4851a1d" relativeResultsDirectory="8ee3bd23-fd49-4328-8b27-03b9b0bcbf0b">
      <Output>
        <StdOut>System.ComponentModel.Win32Exception (0x80004005): The system cannot find the file specified
   at System.Diagnostics.Process.StartWithShellExecuteEx(ProcessStartInfo startInfo)
   at System.Diagnostics.Process.Start()
   at StaticAnalyzerUtilitiesLib.StaticAnalyzerUtilities.RunAnalyzerProcess(String arguments, String analyzerExePath, ProcessWindowStyle windowStyle) in C:\Users\320050765\PhilipsCaseStudy-2\StaticToolAnalyzer\StaticAnalyzerUtilitiesLib\StaticAnalyzerUtilities.cs:line 39</StdOut>
      </Output>
    </UnitTestResult>
  </Results>
</TestRun>